
> portfolio@0.1.0 build
> next build

   ▲ Next.js 15.5.2

   Creating an optimized production build ...
(node:74506) ExperimentalWarning: Type Stripping is an experimental feature and might change at any time
(Use `node --trace-warnings ...` to show where the warning was created)
 ✓ Compiled successfully in 5.9s
   Linting and checking validity of types ...

Failed to compile.

./app/components/hero/SocialIcons.tsx
91:33  Error: 'index' is defined but never used.  @typescript-eslint/no-unused-vars
116:15  Warning: Using `<img>` could result in slower LCP and higher bandwidth. Consider using `<Image />` from `next/image` or a custom image loader to automatically optimize images. This may incur additional usage or cost from your provider. See: https://nextjs.org/docs/messages/no-img-element  @next/next/no-img-element

./app/components/portfolio/Projects2D.tsx
97:25  Warning: Using `<img>` could result in slower LCP and higher bandwidth. Consider using `<Image />` from `next/image` or a custom image loader to automatically optimize images. This may incur additional usage or cost from your provider. See: https://nextjs.org/docs/messages/no-img-element  @next/next/no-img-element

info  - Need to disable some ESLint rules? Learn more here: https://nextjs.org/docs/app/api-reference/config/eslint#disabling-rules
